<html>
  <head>
    <title>Index</title>
  </head>
  <body>
    <p>Hi this is the body.</p>
    <script type="text/javascript" src="/resources_debug/js/a/lib.js"></script>
<script type="text/javascript" src="/resources_debug/js/b.js"></script>
<script type="text/javascript" src="/resources_debug/js/a/index.js"></script>
  </body>
</html>