<html>
  <head>
    <title>INDEX</title><meta charset="utf-8" />
  </head>
  <body>
    This is the <strong>summary</strong>.
    <p>This is the body!</p><p>This is more content added to the body.</p>
    
    <div>WIDGET</div>    
    <div>
        <a href="/meta/index.html">INDEX</a>
    </div>
  </body>
</html>