<html>
  <head>
    <title>Index</title>
  </head>
  <body>
    <p>This is the body!</p>
    <p>This is more content added to the body.</p>
    <div class="widget">
  <p>This is a widget!</p>
</div>
  </body>
</html>