<html>
  <head>
    <title>INDEX</title><meta charset="utf-8" />
  </head>
  <body>
    This is the <strong>summary</strong>.
    <p>This is the body!</p><p>This is more content added to the body.</p>
    Copyright 2013
    <div>WIDGET</div>
    
    <div>
      <a href="tmp/data/index.html">INDEX</a>
    </div>
  </body>
</html>