<html>
  <head>
    <title>Index</title>
  </head>
  <body>
    <p>Hi this is the body.</p>
    <script type="text/javascript" src="/resources_concat/js/a/index.max.js"></script>
  </body>
</html>