<html>
  <head>
    <title>Index</title><meta charset="utf-8" />
  </head>
  <body>
    
    <p>This is the body!</p><p>This is more content added to the body.</p>
    
  </body>
</html>